May 02, 2025 12:05:08 AM org.rajesh.TaskService createTask
INFO: Created Task ID: 1
May 02, 2025 12:05:08 AM org.rajesh.TaskService createTask
INFO: Created Task ID: 2
May 02, 2025 12:05:08 AM org.rajesh.TaskService createTask
INFO: Created Task ID: 3
May 02, 2025 12:05:08 AM org.rajesh.TaskService searchPriority
INFO: Searched Tasks with Priority: High
May 02, 2025 12:05:08 AM org.rajesh.TaskService createTask
INFO: Created Task ID: 4
May 02, 2025 12:13:30 AM org.rajesh.TaskService createTask
INFO: Created Task ID: 1
May 02, 2025 12:13:30 AM org.rajesh.TaskService createTask
INFO: Created Task ID: 2
May 02, 2025 12:13:30 AM org.rajesh.TaskService createTask
INFO: Created Task ID: 3
May 02, 2025 12:13:30 AM org.rajesh.TaskService searchPriority
INFO: Searched Tasks with Priority: High
May 02, 2025 12:13:30 AM org.rajesh.TaskService searchPriority
INFO: Searched Tasks with Priority: Low
May 02, 2025 12:13:30 AM org.rajesh.TaskService createTask
INFO: Created Task ID: 4
May 02, 2025 12:13:57 AM org.rajesh.TaskService createTask
INFO: Created Task ID: 1
May 02, 2025 12:13:57 AM org.rajesh.TaskService createTask
INFO: Created Task ID: 2
May 02, 2025 12:13:57 AM org.rajesh.TaskService createTask
INFO: Created Task ID: 3
May 02, 2025 12:13:57 AM org.rajesh.TaskService searchPriority
INFO: Searched Tasks with Priority: High
May 02, 2025 12:13:57 AM org.rajesh.TaskService searchPriority
INFO: Searched Tasks with Priority: Low
May 02, 2025 12:13:57 AM org.rajesh.TaskService createTask
INFO: Created Task ID: 4
May 02, 2025 12:28:47 AM org.rajesh.TaskService createTask
INFO: Created Task ID: 1
May 02, 2025 12:28:47 AM org.rajesh.TaskService createTask
INFO: Created Task ID: 2
May 02, 2025 12:28:47 AM org.rajesh.TaskService createTask
INFO: Created Task ID: 3
May 02, 2025 12:28:47 AM org.rajesh.TaskService searchPriority
INFO: Searched Tasks with Priority: High
May 02, 2025 12:28:47 AM org.rajesh.TaskService searchPriority
INFO: Searched Tasks with Priority: Low
May 02, 2025 12:28:47 AM org.rajesh.TaskService createTask
INFO: Created Task ID: 4
May 02, 2025 12:28:47 AM org.rajesh.TaskService createTask
INFO: Created Task ID: 5
May 02, 2025 12:28:47 AM org.rajesh.TaskService createTask
INFO: Created Task ID: 6
May 02, 2025 12:28:47 AM org.rajesh.TaskService createTask
INFO: Created Task ID: 7
May 02, 2025 12:28:47 AM org.rajesh.TaskService searchPriority
INFO: Searched Tasks with Priority: High
May 02, 2025 12:28:47 AM org.rajesh.TaskService createTask
INFO: Created Task ID: 8
May 02, 2025 12:39:31 AM org.rajesh.TaskService createTask
INFO: Created Task ID: 1
May 02, 2025 12:39:31 AM org.rajesh.TaskService createTask
INFO: Created Task ID: 2
May 02, 2025 12:39:31 AM org.rajesh.TaskService createTask
INFO: Created Task ID: 3
May 02, 2025 12:39:31 AM org.rajesh.TaskService searchPriority
INFO: Searched Tasks with Priority: High
May 02, 2025 12:39:31 AM org.rajesh.TaskService searchPriority
INFO: Searched Tasks with Priority: Low
May 02, 2025 12:39:31 AM org.rajesh.TaskService createTask
INFO: Created Task ID: 4
